[DATA_POINT]
1="tcp_connect"
2="tcp_connection_count"
3="mic_recv"
4="HTTP_200"
5="tcp_shutdown"
6="ssl_session_new"
7="HTTP_302"
[END_TRANSACTION]
1="http://127.0.0.1:1080/pac?t=20190612183829093&secret=Wq4u8zgiXcmHjxMq/OGp6UAGakQs0KUfCKXu4ndYaN4="
2="UnknownFunc"
3="vuser_init_Transaction"
4="http://cvm.higher-stark.site:8080/"
5="http://cvm.higher-stark.site:8080/resources/images/spring-logo-dataflow.png"
6="http://cvm.higher-stark.site:8080/resources/fonts/varela_round-webfont.eot?"
7="http://cvm.higher-stark.site:8080/resources/fonts/montserrat-webfont.eot?"
8="http://cvm.higher-stark.site:8080/webjars/bootstrap/fonts/glyphicons-halflings-regular.eot?"
9="http://cvm.higher-stark.site:8080/resources/images/spring-pivotal-logo.png"
10="http://cvm.higher-stark.site:8080/resources/images/pets.png"
11="http://cvm.higher-stark.site:8080/webjars/bootstrap/3.3.6/js/bootstrap.min.js"
12="http://cvm.higher-stark.site:8080/webjars/jquery/2.2.4/jquery.min.js"
13="http://cvm.higher-stark.site:8080/resources/css/petclinic.css"
14="http://cvm.higher-stark.site:8080/webjars/jquery-ui/1.11.4/jquery-ui.min.js"
15="cvm.higher-stark.site_8080_Action_4"
16="http://cvm.higher-stark.site:8080/owners/find"
17="http://cvm.higher-stark.site:8080/resources/images/spring-logo-dataflow-mobile.png"
18="Find_owners_Action_18"
19="http://cvm.higher-stark.site:8080/owners?lastName="
20="owners_Action_27"
21="Find_owners_2_Action_33"
22="http://cvm.higher-stark.site:8080/owners/new"
23="Add_Owner_Action_40"
24="https://iecvlist.microsoft.com/IE11/1478281996/iecompatviewlist.xml"
25="https://ieonline.microsoft.com/iedomainsuggestions/ie11/suggestions.zh-CN"
26="https://c.urs.microsoft.com/l1.dat?v=3&cv=9.11.18362.0&os=10.0.18362.0.0&pg=4A72F430-B40C-4D36-A068-CE33ADA5ADF9"
27="https://ieonline.microsoft.com/ieflipahead/ie10/rules.xml?mkt=zh-CN"
28="iecompatviewlist.xml_Action_50"
29="https://go.microsoft.com/fwlink/?LinkID=401135"
30="https://ieonline.microsoft.com/s/iess/instrument18.cer"
31="fwlink_Action_63"
32="http://cvm.higher-stark.site:8080/owners/11"
33="new_Action_76"
34="Add_owner"
35="Find_owners_3_Action_95"
36="owners_2_Action_100"
37="Action_Transaction"
38="http://cvm.higher-stark.site:8080/owners/15"
39="http://cvm.higher-stark.site:8080/owners/23"
40="http://cvm.higher-stark.site:8080/owners/34"
41="http://cvm.higher-stark.site:8080/owners/42"
42="http://cvm.higher-stark.site:8080/owners/66"
43="http://cvm.higher-stark.site:8080/owners/77"
44="http://cvm.higher-stark.site:8080/owners/87"
45="vuser_end_Transaction"
